[3gH    H    H    H    H    H    H    H    H    H    H    H    H    H    H    H    H    H    H    H   [INFO] Using python from: /home/ubuntu/miniconda3/envs/env_isaacLab/bin/python
Loading user config located at: '/home/ubuntu/miniconda3/envs/env_isaacLab/lib/python3.11/site-packages/isaacsim/kit/data/Kit/Isaac-Sim/5.1/user.config.json'
[Info] [carb] Logging to file: /home/ubuntu/miniconda3/envs/env_isaacLab/lib/python3.11/site-packages/isaacsim/kit/logs/Kit/Isaac-Sim/5.1/kit_20260510_180130.log
[0.034s] [ext: omni.kit.async_engine-0.0.3] startup
[0.189s] [ext: omni.metrics.core-0.0.3] startup
[0.189s] [ext: omni.client.lib-1.1.0] startup
[0.198s] [ext: omni.blobkey-1.1.2] startup
[0.198s] [ext: omni.stats-1.0.1] startup
[0.199s] [ext: omni.datastore-0.0.0] startup
[0.202s] [ext: omni.client-1.3.0] startup
[0.205s] [ext: omni.ujitso.default-1.0.0] startup
[0.206s] [ext: omni.hsscclient-1.1.2] startup
[0.212s] [ext: omni.gpu_foundation.shadercache.vulkan-1.0.0] startup
[0.214s] [ext: omni.assets.plugins-0.0.0] startup
[0.215s] [ext: omni.gpu_foundation-0.0.0] startup
[0.219s] [ext: carb.windowing.plugins-1.0.0] startup
[0.226s] [ext: omni.kit.renderer.init-0.0.0] startup

|---------------------------------------------------------------------------------------------|
| Driver Version: 580.126.09    | Graphics API: Vulkan
|=============================================================================================|
| GPU | Name                             | Active | LDA | GPU Memory | Vendor-ID | LUID       |
|     |                                  |        |     |            | Device-ID | UUID       |
|     |                                  |        |     |            | Bus-ID    |            |
|---------------------------------------------------------------------------------------------|
| 0   | NVIDIA GeForce RTX 5060 Ti       | Yes: 0 |     | 16557   MB | 10de      | 0          |
|     |                                  |        |     |            | 2d04      | 46177580.. |
|     |                                  |        |     |            | 1         |            |
|=============================================================================================|
| OS: 22.04.5 LTS (Jammy Jellyfish) ubuntu, Version: 22.04.5, Kernel: 6.8.0-106-generic
| XServer Vendor: The X.Org Foundation, XServer Version: 12101004 (1.21.1.4)
| Processor: Intel(R) Core(TM) i5-14600KF
| Cores: 14 | Logical Cores: 20
|---------------------------------------------------------------------------------------------|
| Total Memory (MB): 31930 | Free Memory: 12344
| Total Page/Swap (MB): 0 | Free Page/Swap: 0
|---------------------------------------------------------------------------------------------|
2026-05-10T10:01:30Z [705ms] [Warning] [gpu.foundation.plugin] CPU performance profile is set to powersave. This profile sets the CPU to the lowest frequency reducing performance.
2026-05-10T10:01:31Z [717ms] [Warning] [gpu.foundation.plugin] PCIe link width current (8) and maximum (16) for device 0 don't match.
[0.872s] [ext: omni.materialx.libs-1.0.7] startup
[0.878s] [ext: omni.kit.loop-isaac-1.3.7] startup
[0.879s] [ext: omni.kit.test-2.0.1] startup
[0.912s] [ext: omni.kit.pipapi-0.0.0] startup
[0.912s] [ext: omni.usd.config-1.0.6] startup
[0.914s] [ext: omni.gpucompute.plugins-0.0.0] startup
[0.914s] [ext: omni.usd.libs-1.0.1] startup
[0.970s] [ext: omni.kit.pip_archive-0.0.0] startup
[0.971s] [ext: omni.mdl-56.0.3] startup
[1.037s] [ext: omni.iray.libs-0.0.0] startup
[1.042s] [ext: omni.mdl.neuraylib-0.2.12] startup
[1.045s] [ext: omni.kit.usd.mdl-1.1.5] startup
[1.122s] [ext: omni.kit.telemetry-0.5.2] startup
[1.137s] [ext: omni.appwindow-1.1.10] startup
[1.461s] [ext: omni.kit.renderer.core-1.1.0] startup
[2.729s] [ext: omni.kit.renderer.capture-0.0.0] startup
[2.731s] [ext: omni.kit.renderer.imgui-2.0.5] startup
[2.778s] [ext: omni.ui-2.27.1] startup
[2.785s] [ext: omni.kit.mainwindow-1.0.3] startup
[2.786s] [ext: carb.audio-0.1.0] startup
[2.788s] [ext: omni.uiaudio-1.0.0] startup
[2.789s] [ext: omni.kit.uiapp-0.0.0] startup
[2.789s] [ext: omni.usd.schema.metrics.assembler-107.3.1] startup
[2.791s] [ext: omni.usd.schema.omnigraph-1.0.0] startup
[2.795s] [ext: omni.usd.schema.semantics-0.0.0] startup
[2.797s] [ext: omni.usd.schema.audio-0.0.0] startup
[2.799s] [ext: omni.usd.schema.geospatial-0.0.0] startup
[2.801s] [ext: omni.usd.schema.anim-0.0.0] startup
[2.814s] [ext: omni.usd_resolver-1.0.0] startup
[2.816s] [ext: omni.usd.core-1.5.3] startup
[2.818s] [ext: omni.usd.schema.omni_lens_distortion-0.0.0] startup
[2.832s] [ext: isaacsim.robot.schema-3.6.0] startup
[2.839s] [ext: omni.usd.schema.physx-107.3.26] startup
[2.860s] [ext: omni.usd.schema.render_settings.rtx-0.0.0] startup
[2.861s] [ext: omni.usd.schema.omni_sensors-0.0.0] startup
[2.861s] [ext: omni.usd.schema.omniscripting-1.0.0] startup
[2.865s] [ext: omni.graph.exec-0.9.6] startup
[2.866s] [ext: omni.kit.actions.core-1.0.0] startup
[2.867s] [ext: omni.kit.usd_undo-0.1.8] startup
[2.867s] [ext: omni.kit.exec.core-0.13.4] startup
[2.868s] [ext: omni.kit.commands-1.4.10] startup
[2.870s] [ext: omni.kit.window.popup_dialog-2.0.24] startup
[2.873s] [ext: omni.activity.core-1.0.3] startup
[2.874s] [ext: omni.resourcemonitor-107.0.1] startup
[2.875s] [ext: omni.timeline-1.0.14] startup
[2.876s] [ext: omni.kit.widget.nucleus_connector-2.0.1] startup
[2.878s] [ext: usdrt.scenegraph-7.6.1] startup
[2.900s] [ext: omni.kit.audiodeviceenum-1.0.2] startup
[2.901s] [ext: omni.hydra.usdrt_delegate-7.5.1] startup
[2.905s] [ext: omni.hydra.scene_delegate-0.3.4] startup
[2.909s] [ext: omni.usd-1.13.10] startup
[2.924s] [ext: omni.kit.asset_converter-5.0.17] startup
[2.933s] [ext: omni.index.libs-380600.8087.0] startup
[2.933s] [ext: omni.volume-0.5.2] startup
[2.935s] [ext: omni.ujitso.client-0.0.0] startup
[2.936s] [ext: omni.index-1.0.1] startup
[2.936s] [ext: omni.hydra.rtx.shadercache.vulkan-1.0.0] startup
[2.937s] [ext: omni.hydra.rtx-1.0.0] startup
2026-05-10T10:01:33Z [2,935ms] [Warning] [omni.log] Source: omni.hydra was already registered.
[2.964s] [ext: omni.kit.notification_manager-1.0.10] startup
[2.966s] [ext: omni.kit.clipboard-1.0.5] startup
[2.967s] [ext: omni.kit.viewport.legacy_gizmos-1.0.19] startup
[2.968s] [ext: omni.kit.raycast.query-1.1.0] startup
[2.972s] [ext: omni.kit.menu.core-1.1.2] startup
[2.973s] [ext: omni.kit.widget.options_menu-1.1.6] startup
[2.975s] [ext: omni.kit.helper.file_utils-0.1.9] startup
[2.976s] [ext: omni.kit.widget.path_field-2.0.11] startup
[2.977s] [ext: omni.kit.widget.context_menu-1.2.5] startup
[2.977s] [ext: omni.kit.widget.options_button-1.0.3] startup
[2.978s] [ext: omni.kit.widget.filebrowser-2.12.3] startup
[2.982s] [ext: omni.kit.widget.browser_bar-2.0.10] startup
[2.982s] [ext: omni.kit.usd.layers-2.2.11] startup
[2.987s] [ext: omni.ui.scene-1.11.5] startup
[2.990s] [ext: omni.kit.viewport.registry-104.0.6] startup
[2.991s] [ext: omni.kit.window.filepicker-2.13.4] startup
[3.001s] [ext: omni.kit.menu.utils-2.0.5] startup
[3.007s] [ext: omni.kit.context_menu-1.8.6] startup
[3.008s] [ext: omni.kit.viewport.scene_camera_model-1.0.6] startup
[3.011s] [ext: omni.kit.hydra_texture-1.4.6] startup
[3.014s] [ext: omni.kit.window.file_importer-1.1.18] startup
[3.016s] [ext: omni.kit.widget.searchable_combobox-1.0.6] startup
[3.016s] [ext: omni.kit.window.drop_support-1.0.5] startup
[3.017s] [ext: omni.kit.widget.viewport-107.1.3] startup
[3.020s] [ext: omni.kit.material.library-2.0.7] startup
[3.023s] [ext: omni.hydra.engine.stats-1.0.3] startup
[3.025s] [ext: omni.kit.widget.settings-1.2.6] startup
[3.026s] [ext: omni.kit.viewport.window-107.2.0] startup
[3.037s] [ext: omni.kit.window.preferences-1.8.0] startup
[3.041s] [ext: omni.kit.widget.toolbar-2.0.1] startup
[3.045s] [ext: omni.kit.viewport.utility-1.1.2] startup
[3.045s] [ext: omni.kit.manipulator.transform-107.0.0] startup
[3.049s] [ext: omni.kit.manipulator.tool.snap-1.5.13] startup
[3.052s] [ext: omni.kit.manipulator.selector-1.1.3] startup
[3.052s] [ext: omni.kit.property.adapter.core-1.0.2] startup
[3.054s] [ext: omni.kit.viewport.manipulator.transform-107.0.4] startup
[3.055s] [ext: omni.kit.manipulator.viewport-107.0.1] startup
[3.056s] [ext: omni.kit.property.adapter.fabric-1.0.3] startup
[3.056s] [ext: omni.kit.manipulator.prim.core-107.0.8] startup
[3.061s] [ext: omni.kit.primitive.mesh-1.0.17] startup
[3.063s] [ext: omni.kit.widget.filter-1.1.4] startup
[3.063s] [ext: omni.kit.hotkeys.core-1.3.10] startup
[3.064s] [ext: omni.kit.manipulator.prim.usd-107.0.3] startup
[3.065s] [ext: omni.fabric.commands-1.1.6] startup
[3.068s] [ext: omni.kit.window.file_exporter-1.0.33] startup
[3.068s] [ext: omni.kit.widget.searchfield-1.1.8] startup
[3.069s] [ext: omni.kit.manipulator.prim.fabric-107.0.4] startup
[3.070s] [ext: omni.debugdraw-0.1.4] startup
[3.073s] [ext: omni.kit.widget.stage-3.1.4] startup
[3.081s] [ext: omni.kit.property.adapter.usd-1.0.2] startup
[3.082s] [ext: omni.kit.manipulator.prim-107.0.0] startup
[3.082s] [ext: omni.kvdb-107.3.26] startup
[3.083s] [ext: omni.convexdecomposition-107.3.26] startup
[3.084s] [ext: omni.physx.foundation-107.3.26] startup
[3.086s] [ext: omni.localcache-107.3.26] startup
[3.086s] [ext: omni.kit.window.content_browser_registry-0.0.6] startup
[3.087s] [ext: omni.kit.widget.highlight_label-1.0.3] startup
[3.088s] [ext: omni.kit.stage_template.core-1.1.22] startup
[3.088s] [ext: omni.usdphysics-107.3.26] startup
[3.089s] [ext: omni.kit.window.file-2.0.5] startup
[3.091s] [ext: omni.physx.cooking-107.3.26] startup
[3.093s] [ext: omni.physics-107.3.26] startup
[3.095s] [ext: omni.kit.window.property-1.12.1] startup
[3.097s] [ext: omni.kit.window.content_browser-3.1.3] startup
[3.105s] [ext: omni.physx-107.3.26] startup
[3.111s] [ext: omni.physics.stageupdate-107.3.26] startup
[3.112s] [ext: omni.kit.property.usd-4.5.12] startup
[3.121s] [ext: omni.kit.manipulator.selection-106.0.1] startup
[3.122s] [ext: omni.physics.physx-107.3.26] startup
2026-05-10T10:01:33Z [3,107ms] [Warning] [carb] Acquiring non optional plugin interface which is not listed as dependency: [omni::physx::IPhysxBenchmarks v1.0] (plugin: <default plugin>), by client: omni.physics.physx.plugin. Add it to CARB_PLUGIN_IMPL_DEPS() macro of a client.
[3.123s] [ext: omni.kit.widget.prompt-1.0.7] startup
[3.124s] [ext: omni.kit.viewport.menubar.core-107.2.1] startup
[3.134s] [ext: omni.kit.viewport.actions-107.0.2] startup
[3.136s] [ext: omni.inspect-1.0.2] startup
[3.138s] [ext: omni.kit.widget.layers-1.8.6] startup
[3.146s] [ext: omni.kit.viewport.menubar.display-107.0.3] startup
[3.147s] [ext: omni.usd.metrics.assembler-107.3.1] startup
[3.151s] [ext: omni.graph.core-2.184.5] startup
[3.153s] [ext: omni.kit.numpy.common-0.1.3] startup
[3.154s] [ext: omni.usdphysics.ui-107.3.26] startup
[3.171s] [ext: omni.physx.commands-107.3.26] startup
[3.174s] [ext: isaacsim.core.deprecation_manager-0.2.7] startup
[3.175s] [ext: omni.isaac.dynamic_control-2.0.7] startup
2026-05-10T10:01:33Z [3,162ms] [Warning] [omni.isaac.dynamic_control] omni.isaac.dynamic_control is deprecated as of Isaac Sim 4.5. No action is needed from end-users.
[3.178s] [ext: omni.physx.ui-107.3.26] startup
[3.200s] [ext: isaacsim.core.version-2.0.6] startup
[3.200s] [ext: omni.physics.tensors-107.3.26] startup
[3.203s] [ext: omni.warp.core-1.8.2] startup
[3.325s] [ext: omni.usd.metrics.assembler.physics-107.3.26] startup
[3.326s] [ext: isaacsim.storage.native-1.5.1] startup
[3.327s] [ext: omni.physx.tensors-107.3.26] startup
[3.331s] [ext: isaacsim.core.utils-3.5.1] startup
[3.332s] [ext: isaacsim.core.simulation_manager-1.4.4] startup
[4.182s] [ext: omni.kit.widget.stage_icons-1.0.8] startup
[4.185s] [ext: omni.kit.widget.text_editor-1.1.1] startup
[4.187s] [ext: omni.kit.window.stage-2.6.1] startup
[4.190s] [ext: omni.kit.menu.create-2.0.1] startup
[4.191s] [ext: omni.kit.window.extensions-1.4.27] startup
[4.195s] [ext: omni.kit.scripting-107.3.2] startup
[4.198s] [ext: omni.kit.stagerecorder.core-107.0.3] startup
[4.201s] [ext: isaacsim.replicator.behavior-1.1.16] startup
[4.201s] [ext: omni.graph.tools-1.79.2] startup
[4.217s] [ext: omni.ui_query-1.1.8] startup
[4.218s] [ext: omni.kit.widget.zoombar-1.0.6] startup
[4.218s] [ext: omni.graph-1.141.2] startup
[4.247s] [ext: omni.graph.action_core-1.1.7] startup
[4.248s] [ext: omni.kit.ui_test-1.3.7] startup
[4.250s] [ext: omni.kit.browser.core-2.3.13] startup
[4.254s] [ext: omni.kit.usd.collect-2.4.5] startup
[4.256s] [ext: omni.graph.action_nodes-1.50.4] startup
[4.260s] [ext: omni.kit.menu.stage-1.2.7] startup
[4.261s] [ext: omni.kit.browser.folder.core-1.10.9] startup
[4.269s] [ext: omni.kit.usdz_export-1.0.9] startup
[4.271s] [ext: omni.graph.visualization.nodes-2.1.3] startup
[4.279s] [ext: omni.graph.action-1.130.0] startup
[4.281s] [ext: omni.kit.tool.collect-2.2.18] startup
[4.284s] [ext: omni.kit.tool.asset_importer-4.3.2] startup
[4.293s] [ext: isaacsim.gui.components-1.2.1] startup
[4.307s] [ext: isaacsim.examples.browser-0.2.1] startup
[4.311s] [ext: isaacsim.asset.importer.urdf-2.4.31] startup
[4.353s] [ext: isaacsim.core.cloner-1.4.10] startup
[4.355s] [ext: omni.kit.stagerecorder.ui-107.0.1] startup
[4.363s] [ext: isaacsim.asset.browser-1.3.23] startup
[4.394s] [ext: semantics.schema.editor-2.0.2] startup
2026-05-10T10:01:34Z [4,381ms] [Warning] [pxr.Semantics] pxr.Semantics is deprecated - please use Semantics instead
[4.399s] [ext: omni.kit.stagerecorder.bundle-105.0.2] startup
[4.399s] [ext: omni.kit.window.status_bar-0.1.9] startup
[4.402s] [ext: omni.kit.widget.graph-2.0.0] startup
[4.406s] [ext: omni.kit.stage_templates-2.0.0] startup
[4.408s] [ext: omni.graph.image.core-0.6.1] startup
[4.409s] [ext: omni.kit.graph.delegate.default-1.2.3] startup
[4.409s] [ext: isaacsim.core.experimental.utils-0.3.0] startup
[4.410s] [ext: omni.graph.image.nodes-1.3.1] startup
[4.411s] [ext: omni.kit.graph.editor.core-1.5.3] startup
[4.413s] [ext: omni.kit.graph.usd.commands-1.3.1] startup
[4.415s] [ext: omni.graph.nodes-1.170.10] startup
[4.422s] [ext: omni.graph.ui_nodes-1.50.5] startup
[4.424s] [ext: omni.kit.widget.material_preview-1.0.16] startup
[4.427s] [ext: omni.syntheticdata-0.6.13] startup
[4.447s] [ext: omni.videoencoding-0.1.2] startup
[4.451s] [ext: omni.warp-1.8.2] startup
[4.464s] [ext: omni.kit.window.material_graph-1.9.1] startup
[4.509s] [ext: omni.graph.scriptnode-1.50.0] startup
[4.515s] [ext: isaacsim.core.prims-0.6.1] startup
[4.549s] [ext: isaacsim.test.docstring-1.1.0] startup
[4.554s] [ext: omni.replicator.core-1.12.27] startup
2026-05-10T10:01:34Z [4,641ms] [Warning] [omni.graph.core.plugin] Found duplicate of category 'Replicator' - was 'Annotators', adding 'Fabric Reader'
2026-05-10T10:01:34Z [4,641ms] [Warning] [omni.graph.core.plugin] Category 'Replicator' not accepted on node type 'omni.replicator.core.FabricReader' in extension 'omni.replicator.core'
2026-05-10T10:01:34Z [4,641ms] [Warning] [omni.replicator.core.scripts.extension] No material configuration file, adding configuration to material settings directly.
[4.660s] [ext: isaacsim.core.api-4.8.0] startup
[4.671s] [ext: isaacsim.core.experimental.prims-0.8.1] startup
[4.700s] [ext: isaacsim.core.nodes-3.4.3] startup
[4.706s] [ext: isaacsim.robot.surface_gripper-3.3.1] startup
[4.712s] [ext: isaacsim.util.debug_draw-3.1.0] startup
[4.724s] [ext: omni.sensors.nv.common-3.0.0] startup
[4.735s] [ext: isaacsim.robot.manipulators-3.3.6] startup
[4.747s] [ext: isaacsim.sensors.physx-2.3.2] startup
[4.756s] [ext: omni.sensors.nv.materials-2.0.0] startup
[4.763s] [ext: omni.sensors.net-1.0.0] startup
[4.768s] [ext: isaacsim.app.about-2.0.11] startup
[4.771s] [ext: isaacsim.simulation_app-2.12.2] startup
[4.773s] [ext: omni.sensors.nv.ids-2.0.0] startup
[4.777s] [ext: omni.sensors.nv.lidar-3.0.0] startup
[4.786s] [ext: omni.kit.property.audio-1.0.16] startup
[4.792s] [ext: omni.kit.property.camera-1.0.10] startup
[4.795s] [ext: omni.kit.property.geometry-2.0.4] startup
[4.804s] [ext: omni.hydra.scene_api-0.1.2] startup
[4.809s] [ext: omni.kit.property.light-1.0.12] startup
[4.826s] [ext: omni.sensors.nv.wpm-3.0.0] startup
[4.828s] [ext: omni.kit.selection-0.1.6] startup
[4.830s] [ext: omni.kit.property.material-1.11.9] startup
[4.870s] [ext: omni.kit.property.transform-1.5.13] startup
[4.925s] [ext: omni.kit.property.render-1.2.1] startup
[4.933s] [ext: omni.sensors.nv.radar-3.0.0] startup
[4.937s] [ext: isaacsim.gui.menu-2.4.4] startup
[5.119s] [ext: omni.kit.manipulator.camera-106.0.4] startup
[5.128s] [ext: isaacsim.gui.property-1.1.3] startup
[5.130s] [ext: omni.kit.property.bundle-1.4.1] startup
[5.131s] [ext: isaacsim.sensors.rtx-15.8.4] startup
[5.137s] [ext: isaacsim.sensors.physics-0.4.3] startup
[5.145s] [ext: omni.kit.viewport.menubar.camera-107.0.6] startup
[5.155s] [ext: omni.kit.viewport.menubar.lighting-107.3.1] startup
[5.158s] [ext: omni.kit.viewport.menubar.settings-107.0.3] startup
[5.161s] [ext: omni.kit.viewport.menubar.render-107.0.10] startup
[5.163s] [ext: isaacsim.robot.policy.examples-4.1.11] startup
[5.164s] [ext: isaacsim.asset.importer.mjcf-2.5.13] startup
[5.170s] [ext: omni.kit.window.console-1.1.4] startup
[5.174s] [ext: omni.rtx.window.settings-0.6.19] startup
[5.177s] [ext: omni.ocio-0.1.1] startup
[5.179s] [ext: omni.physx.demos-107.3.26] startup
[5.194s] [ext: omni.kit.property.physx-107.3.26] startup
[5.210s] [ext: omni.replicator.replicator_yaml-2.0.11] startup
[5.220s] [ext: omni.asset_validator.core-1.1.6] startup
[5.256s] [ext: omni.rtx.settings.core-0.6.5] startup
[5.259s] [ext: omni.physx.vehicle-107.3.26] startup
[5.272s] [ext: omni.usd.metrics.assembler.ui-107.3.1] startup
[5.279s] [ext: omni.kit.window.script_editor-2.0.1] startup
[5.281s] [ext: isaacsim.robot.wheeled_robots-4.0.24] startup
[5.286s] [ext: omni.physx.asset_validator-107.3.26] startup
[5.293s] [ext: omni.kit.window.toolbar-2.0.0] startup
[5.296s] [ext: omni.physx.camera-107.3.26] startup
[5.306s] [ext: omni.anim.curve.core-1.3.1] startup
[5.315s] [ext: omni.physx.cct-107.3.26] startup
[5.326s] [ext: omni.physx.graph-107.3.26] startup
[5.338s] [ext: omni.physx.supportui-107.3.26] startup
[5.348s] [ext: omni.physx.telemetry-107.3.26] startup
[5.350s] [ext: isaaclab-0.54.3] startup
[5.476s] [ext: isaaclab_contrib-0.0.2] startup
[5.476s] [ext: isaacsim.core.throttling-2.2.2] startup
[5.478s] [ext: omni.kit.ui.actions-1.0.5] startup
[5.480s] [ext: semantics.schema.property-2.0.1] startup
[5.481s] [ext: omni.physx.bundle-107.3.26] startup
[5.482s] [ext: isaacsim.sensors.camera-1.3.6] startup
[5.485s] [ext: isaaclab_assets-0.2.4] startup
[5.699s] [ext: isaaclab_tasks-0.11.14] startup
[5.828s] [ext: omni.kit.menu.common-2.0.1] startup
[5.830s] [ext: isaaclab_rl-0.5.0] startup
[5.831s] [ext: isaaclab_mimic-1.0.16] startup
[5.831s] [ext: isaaclab.python-2.3.2] startup
[5.832s] Simulation App Starting
2026-05-10T10:01:36Z [6,171ms] [Warning] [omni.fabric.plugin] Warning: attribute viewportHandle not found for bucket id 9

[6.326s] app ready
[INFO][AppLauncher]: Using device: cuda:0
[INFO][AppLauncher]: Loading experience file: /home/ubuntu/IsaacLab/apps/isaaclab.python.kit
[INFO]: Parsing configuration from: complete_car_lab.tasks.direct.complete_car.baseline.complete_car_stage0_cfg:CompleteCarStage0EnvCfg
[INFO]: Parsing configuration from: complete_car_lab.tasks.direct.complete_car.agents.rsl_rl_ppo_cfg:CompleteCarStage0PPORunnerCfg
[INFO] Replay episode length override: 120.00s
[INFO] Loading checkpoint: /home/ubuntu/Graduation-Project/RL_Training/logs/rsl_rl/complete_car_stage0/2026-05-09_14-22-59_best_baseline4/model_375.pt
[2026-05-10 18:01:39,601][isaaclab.envs.direct_rl_env][WARNING] - Seed not set for the environment. The environment creation may not be deterministic.
/home/ubuntu/miniconda3/envs/env_isaacLab/lib/python3.11/copyreg.py:105: FutureWarning: `isinstance(treespec, LeafSpec)` is deprecated, use `isinstance(treespec, TreeSpec) and treespec.is_leaf()` instead.
  return cls.__new__(cls, *args)

[36m======================================================================================[0m
[36m[1m[INFO][IsaacLab]: Logging to file: /tmp/isaaclab/logs/isaaclab_2026-05-10_18-01-39.log[0m
[36m======================================================================================[0m

[INFO]: Base environment:
	Environment device    : cuda:0
	Environment seed      : None
	Physics step-size     : 0.008333333333333333
	Rendering step-size   : 0.016666666666666666
	Environment step-size : 0.016666666666666666
[INFO]: Time taken for scene creation : 2.325151 seconds
[INFO]: Scene manager:  <class InteractiveScene>
	Number of environments: 4
	Environment spacing   : 4.0
	Source prim name      : /World/envs/env_0
	Global prim paths     : []
	Replicate physics     : True
[INFO]: Starting the simulation. This may take a few seconds. Please wait...
[INFO]: Time taken for simulation start : 1.432835 seconds
Creating window for environment.
ManagerLiveVisualizer cannot be created for manager: action_manager, Manager does not exist
ManagerLiveVisualizer cannot be created for manager: observation_manager, Manager does not exist
[INFO]: Completed setting up the environment...
--------------------------------------------------------------------------------
Resolved observation sets: 
	 actor :  ['actor']
	 critic :  ['critic']
--------------------------------------------------------------------------------
Actor Model: MLPModel(
  (obs_normalizer): EmpiricalNormalization()
  (distribution): SquashedGaussianDistribution()
  (mlp): MLP(
    (0): Linear(in_features=54, out_features=256, bias=True)
    (1): ReLU()
    (2): Linear(in_features=256, out_features=256, bias=True)
    (3): ReLU()
    (4): Linear(in_features=256, out_features=8, bias=True)
  )
)
Critic Model: MLPModel(
  (obs_normalizer): EmpiricalNormalization()
  (mlp): MLP(
    (0): Linear(in_features=54, out_features=256, bias=True)
    (1): ReLU()
    (2): Linear(in_features=256, out_features=256, bias=True)
    (3): ReLU()
    (4): Linear(in_features=256, out_features=1, bias=True)
  )
)
[8.160s] Simulation App Startup Complete
[9.354s] [ext: omni.physx.fabric-107.3.26] startup
2026-05-10T10:01:41Z [11,607ms] [Warning] [omni.fabric.plugin] Warning: input prim:attr `/World/envs/env_0:omni:rtx:skip` has no valid data.

2026-05-10T10:01:49Z [19,535ms] [Warning] [carb] Client gpu.foundation.plugin has acquired [gpu::unstable::IMemoryBudgetManagerFactory v0.1] 100 times. Consider accessing this interface with carb::getCachedInterface() (Performance warning)
[130.395s] Simulation App Shutting Down
