[INFO][AppLauncher]: Using device: cpu
[INFO][AppLauncher]: Loading experience file: /home/ubuntu/IsaacLab/apps/isaaclab.python.headless.kit
Loading user config located at: '/home/ubuntu/miniconda3/envs/env_isaacLab/lib/python3.11/site-packages/isaacsim/kit/data/Kit/Isaac-Sim/5.1/user.config.json'
[Info] [carb] Logging to file: /home/ubuntu/miniconda3/envs/env_isaacLab/lib/python3.11/site-packages/isaacsim/kit/logs/Kit/Isaac-Sim/5.1/kit_20260402_224713.log
2026-04-02T14:47:13Z [50ms] [Error] [omni.datastore] Failed to acquire exclusive lock to data store (256>=256)
2026-04-02T14:47:13Z [50ms] [Error] [omni.datastore] Failed to create local file data store at '/home/ubuntu/miniconda3/envs/env_isaacLab/lib/python3.11/site-packages/isaacsim/kit/cache/DerivedDataCache'
2026-04-02T14:47:13Z [61ms] [Warning] [omni.usd_config.extension] Enable omni.materialx.libs extension to use MaterialX
2026-04-02T14:47:13Z [200ms] [Warning] [omni.platforminfo.plugin] failed to open the default display.  Can't verify X Server version.
2026-04-02T14:47:13Z [329ms] [Warning] [carb] Acquiring non optional plugin interface which is not listed as dependency: [omni::physx::IPhysxBenchmarks v1.0] (plugin: <default plugin>), by client: omni.physics.physx.plugin. Add it to CARB_PLUGIN_IMPL_DEPS() macro of a client.
2026-04-02T14:47:13Z [335ms] [Warning] [omni.isaac.dynamic_control] omni.isaac.dynamic_control is deprecated as of Isaac Sim 4.5. No action is needed from end-users.
2026-04-02T14:47:13Z [463ms] [Error] [omni.physx.tensors.plugin] CUDA error: no CUDA-capable device is detected: ../../../extensions/runtime/source/omni.physx.tensors/plugins/gpu/CudaCommon.h: 111
2026-04-02T14:47:13Z [463ms] [Error] [omni.physx.tensors.plugin] Failed to create primary CUDA context
Warp CUDA error 100: no CUDA-capable device is detected (in function init_cuda_driver, /builds/omniverse/warp/warp/native/cuda_util.cpp:266)
Warp CUDA error 3: initialization error (in function cuda_device_get_count, /builds/omniverse/warp/warp/native/warp.cu:1769)
2026-04-02T14:47:14Z [1,718ms] [Warning] [matplotlib] /home/ubuntu/.config/matplotlib is not a writable directory
2026-04-02T14:47:14Z [1,719ms] [Warning] [matplotlib] Matplotlib created a temporary cache directory at /tmp/matplotlib-awn7n_t8 because there was an issue with the default path (/home/ubuntu/.config/matplotlib); it is highly recommended to set the MPLCONFIGDIR environment variable to a writable directory, in particular to speed up the import of Matplotlib and to better support multiprocessing.
2026-04-02T14:47:14Z [1,764ms] [Error] [omni.kit.app.plugin] failed to open file '/home/ubuntu/miniconda3/envs/env_isaacLab/lib/python3.11/site-packages/isaacsim/kit/data/Kit/Isaac-Sim/5.1/user.config.json' - unable to save the dictionary
2026-04-02T14:47:14Z [1,790ms] [Error] [omni.gpucompute-cuda.plugin] CUDA error in createContext: no CUDA-capable device is detected: ../../../source/plugins/omni.gpucompute-cuda/GpuCompute-Cuda.cpp: 179 (device 1598777008)
2026-04-02T14:47:14Z [1,805ms] [Error] [carb.cudainterop.plugin] Could not initialize NVML: return code 9 (NVML_ERROR_DRIVER_NOT_LOADED: NVIDIA driver is not loaded.)
2026-04-02T14:47:14Z [1,809ms] [Error] [carb.cudainterop.plugin] Could not initialize NVML: return code 9 (NVML_ERROR_DRIVER_NOT_LOADED: NVIDIA driver is not loaded.)

|---------------------------------------------------------------------------------------------|
| Driver Version: 0             | Graphics API: Vulkan
|=============================================================================================|
| GPU | Name                             | Active | LDA | GPU Memory | Vendor-ID | LUID       |
|     |                                  |        |     |            | Device-ID | UUID       |
|     |                                  |        |     |            | Bus-ID    |            |
|=============================================================================================|
| OS: 22.04.5 LTS (Jammy Jellyfish) ubuntu, Version: 22.04.5, Kernel: 6.8.0-106-generic
| Processor: Intel(R) Core(TM) i5-14600KF
| Cores: 14 | Logical Cores: 20
|---------------------------------------------------------------------------------------------|
| Total Memory (MB): 31930 | Free Memory: 20912
| Total Page/Swap (MB): 0 | Free Page/Swap: 0
|---------------------------------------------------------------------------------------------|
2026-04-02T14:47:15Z [2,346ms] [Error] [gpu.foundation.plugin] No device could be created. Some known system issues:
- The driver is not installed properly and requires a clean re-install.
- Your GPUs do not support RayTracing: DXR or Vulkan ray_tracing, or hardware is excluded due to performance.
- The driver cannot enumerate any GPU: driver, display, TCC mode or a docker issue. For Vulkan, test it with Vulkaninfo tool from Vulkan SDK, instead of nvidia-smi.
- For Ubuntu, it requires server-xorg-core 1.20.7+ and a display to work without --no-window.
- For Linux dockers, the setup is not complete. Install the latest driver, xServer and NVIDIA container runtime.

2026-04-02T14:47:15Z [2,349ms] [Error] [gpu.foundation.plugin] Invalid getDeviceInfo parameters.
2026-04-02T14:47:15Z [2,349ms] [Warning] [omni.physx.foundation.plugin] PhysXFoundation: Couldn't get driver version, failed to getDeviceInfo
2026-04-02T14:47:15Z [2,349ms] [Warning] [omni.physx.foundation.plugin] PhysXFoundation: Unable to get IGpuFoundation, GpuDevices or Graphics!
2026-04-02T14:47:15Z [2,350ms] [Error] [carb.cudainterop.plugin] CUDA error 100: cudaErrorNoDevice - no CUDA-capable device is detected)
2026-04-02T14:47:15Z [2,350ms] [Error] [carb.cudainterop.plugin] Failed to get the CUDA device.
2026-04-02T14:47:15Z [2,350ms] [Error] [carb.cudainterop.plugin] CUDA error 100: cudaErrorNoDevice - no CUDA-capable device is detected)
2026-04-02T14:47:15Z [2,350ms] [Error] [carb.cudainterop.plugin] Failed to set the CUDA device: 0
2026-04-02T14:47:15Z [2,350ms] [Error] [omni.physx.plugin] No CUDA devices found
2026-04-02T14:47:15Z [2,350ms] [Error] [omni.physx.plugin] Unable to create PxCudaContextManager!
2026-04-02T14:47:15Z [2,351ms] [Warning] [omni.kvdb.plugin] Disabling key-value database because another kit process is locking it
2026-04-02T14:47:15Z [2,363ms] [Error] [omni.kit.app.plugin] failed to open file '/home/ubuntu/miniconda3/envs/env_isaacLab/lib/python3.11/site-packages/isaacsim/kit/data/Kit/Isaac-Sim/5.1/user.config.json' - unable to save the dictionary

[36m======================================================================================[0m
[36m[1m[INFO][IsaacLab]: Logging to file: /tmp/isaaclab/logs/isaaclab_2026-04-02_22-47-16.log[0m
[36m======================================================================================[0m

2026-04-02T14:47:16Z [3,269ms] [Error] [omni.kit.app.plugin] failed to open file '/home/ubuntu/miniconda3/envs/env_isaacLab/lib/python3.11/site-packages/isaacsim/kit/data/Kit/Isaac-Sim/5.1/user.config.json' - unable to save the dictionary
2026-04-02T14:47:16Z [3,272ms] [Error] [omni.kit.app.plugin] failed to open file '/home/ubuntu/miniconda3/envs/env_isaacLab/lib/python3.11/site-packages/isaacsim/kit/data/Kit/Isaac-Sim/5.1/user.config.json' - unable to save the dictionary
[33m22:47:16 [simulation_context.py] WARNING: The `enable_external_forces_every_iteration` parameter in the PhysxCfg is set to False. If you are experiencing noisy velocities, consider enabling this flag. You may need to slightly increase the number of velocity iterations (setting it to 1 or 2 rather than 0), together with this flag, to improve the accuracy of velocity updates.[0m
